// Jest Snapshot v1, https://goo.gl/fbAQLP

exports[`git-cz --help 1`] = `
"
    Semantic emojified git commit, git-cz w/ gitflow branching.

    Usage: git-cz [options]

    options:
        -h, --help          show usage information
        -v, --version       print version info and exit
        -b, --branch        eject to semantic-branch-names
        --disable-emoji     don't add emoji to commit title
        --format            custom formatting options for subject
        --non-interactive   run git-cz in non-interactive mode
        --theme             custom them override (default|original)

    non-interactive mode options:
        --body              extended description of the commit
        --breaking          description of breaking changes, if any
        --issues            GitHub issues this commit closed, e.g \\"#123\\"
        --lerna             Lerna mono-repo packages this commit affects
        --scope             semantic commit scope
        --subject           message of the commit, defaults to \\"automated commit\\"
        --type              type of the commit, defaults to \\"chore\\"

"
`;

exports[`git-cz --non-interactive 1`] = `
"Running in dry mode.
Will execute command:
git commit --file '.git/COMMIT_EDITMSG'
Message:
üíΩÔ∏è  automated commit
"
`;
